
Size: 5
Items: @0 aardvark, @1 bear, @2 cat, @3 dog, @4 elephant.

Size: 3
Items: @0 11, @1 22, @2 33.

Size: 3
Items: @0 11, @1 22, @2 33.

Size: 3
Items: @0 11, @1 22, @2 33.

Size: failed
Items: @0 11, @1 22, @2 33.

